[0.066s] DEBUG:colcon:Command line arguments: ['/usr/bin/colcon', 'build', '--packages-select', 'smart_light']
[0.066s] DEBUG:colcon:Parsed command line arguments: Namespace(log_base=None, log_level=None, verb_name='build', build_base='build', install_base='install', merge_install=False, symlink_install=False, test_result_base=None, continue_on_error=False, executor='parallel', parallel_workers=12, event_handlers=None, ignore_user_meta=False, metas=['./colcon.meta'], base_paths=['.'], packages_ignore=None, packages_ignore_regex=None, paths=None, packages_up_to=None, packages_up_to_regex=None, packages_above=None, packages_above_and_dependencies=None, packages_above_depth=None, packages_select_by_dep=None, packages_skip_by_dep=None, packages_skip_up_to=None, packages_select_build_failed=False, packages_skip_build_finished=False, packages_select_test_failures=False, packages_skip_test_passed=False, packages_select=['smart_light'], packages_skip=None, packages_select_regex=None, packages_skip_regex=None, packages_start=None, packages_end=None, allow_overriding=[], cmake_args=None, cmake_target=None, cmake_target_skip_unavailable=False, cmake_clean_cache=False, cmake_clean_first=False, cmake_force_configure=False, ament_cmake_args=None, catkin_cmake_args=None, catkin_skip_building_tests=False, verb_parser=<colcon_defaults.argument_parser.defaults.DefaultArgumentsDecorator object at 0x756e5a12f3d0>, verb_extension=<colcon_core.verb.build.BuildVerb object at 0x756e5a12ea40>, main=<bound method BuildVerb.main of <colcon_core.verb.build.BuildVerb object at 0x756e5a12ea40>>)
[0.161s] Level 1:colcon.colcon_core.package_discovery:discover_packages(colcon_meta) check parameters
[0.162s] Level 1:colcon.colcon_core.package_discovery:discover_packages(recursive) check parameters
[0.162s] Level 1:colcon.colcon_core.package_discovery:discover_packages(ignore) check parameters
[0.162s] Level 1:colcon.colcon_core.package_discovery:discover_packages(path) check parameters
[0.162s] Level 1:colcon.colcon_core.package_discovery:discover_packages(colcon_meta) discover
[0.162s] Level 1:colcon.colcon_core.package_discovery:discover_packages(recursive) discover
[0.162s] INFO:colcon.colcon_core.package_discovery:Crawling recursively for packages in '/home/luo/smart_light'
[0.162s] Level 1:colcon.colcon_core.package_identification:_identify(.) by extensions ['ignore', 'ignore_ament_install']
[0.162s] Level 1:colcon.colcon_core.package_identification:_identify(.) by extension 'ignore'
[0.162s] Level 1:colcon.colcon_core.package_identification:_identify(.) by extension 'ignore_ament_install'
[0.162s] Level 1:colcon.colcon_core.package_identification:_identify(.) by extensions ['colcon_pkg']
[0.162s] Level 1:colcon.colcon_core.package_identification:_identify(.) by extension 'colcon_pkg'
[0.162s] Level 1:colcon.colcon_core.package_identification:_identify(.) by extensions ['colcon_meta']
[0.162s] Level 1:colcon.colcon_core.package_identification:_identify(.) by extension 'colcon_meta'
[0.162s] Level 1:colcon.colcon_core.package_identification:_identify(.) by extensions ['ros']
[0.162s] Level 1:colcon.colcon_core.package_identification:_identify(.) by extension 'ros'
[0.171s] DEBUG:colcon.colcon_core.package_identification:Package '.' with type 'ros.ament_cmake' and name 'smart_light'
[0.171s] Level 1:colcon.colcon_core.package_discovery:discover_packages(recursive) using defaults
[0.172s] Level 1:colcon.colcon_core.package_discovery:discover_packages(ignore) discover
[0.172s] Level 1:colcon.colcon_core.package_discovery:discover_packages(ignore) using defaults
[0.172s] Level 1:colcon.colcon_core.package_discovery:discover_packages(path) discover
[0.172s] Level 1:colcon.colcon_core.package_discovery:discover_packages(path) using defaults
[0.184s] Level 1:colcon.colcon_core.package_discovery:discover_packages(prefix_path) check parameters
[0.184s] Level 1:colcon.colcon_core.package_discovery:discover_packages(prefix_path) discover
[0.186s] DEBUG:colcon.colcon_installed_package_information.package_discovery:Found 271 installed packages in /opt/ros/humble
[0.187s] Level 1:colcon.colcon_core.package_discovery:discover_packages(prefix_path) using defaults
[0.216s] Level 5:colcon.colcon_core.verb:set package 'smart_light' build argument 'cmake_args' from command line to 'None'
[0.216s] Level 5:colcon.colcon_core.verb:set package 'smart_light' build argument 'cmake_target' from command line to 'None'
[0.216s] Level 5:colcon.colcon_core.verb:set package 'smart_light' build argument 'cmake_target_skip_unavailable' from command line to 'False'
[0.216s] Level 5:colcon.colcon_core.verb:set package 'smart_light' build argument 'cmake_clean_cache' from command line to 'False'
[0.216s] Level 5:colcon.colcon_core.verb:set package 'smart_light' build argument 'cmake_clean_first' from command line to 'False'
[0.216s] Level 5:colcon.colcon_core.verb:set package 'smart_light' build argument 'cmake_force_configure' from command line to 'False'
[0.216s] Level 5:colcon.colcon_core.verb:set package 'smart_light' build argument 'ament_cmake_args' from command line to 'None'
[0.216s] Level 5:colcon.colcon_core.verb:set package 'smart_light' build argument 'catkin_cmake_args' from command line to 'None'
[0.216s] Level 5:colcon.colcon_core.verb:set package 'smart_light' build argument 'catkin_skip_building_tests' from command line to 'False'
[0.216s] DEBUG:colcon.colcon_core.verb:Building package 'smart_light' with the following arguments: {'ament_cmake_args': None, 'build_base': '/home/luo/smart_light/build/smart_light', 'catkin_cmake_args': None, 'catkin_skip_building_tests': False, 'cmake_args': None, 'cmake_clean_cache': False, 'cmake_clean_first': False, 'cmake_force_configure': False, 'cmake_target': None, 'cmake_target_skip_unavailable': False, 'install_base': '/home/luo/smart_light/install/smart_light', 'merge_install': False, 'path': '/home/luo/smart_light', 'symlink_install': False, 'test_result_base': None}
[0.216s] INFO:colcon.colcon_core.executor:Executing jobs using 'parallel' executor
[0.217s] DEBUG:colcon.colcon_parallel_executor.executor.parallel:run_until_complete
[0.217s] INFO:colcon.colcon_ros.task.ament_cmake.build:Building ROS package in '/home/luo/smart_light' with build type 'ament_cmake'
[0.217s] INFO:colcon.colcon_cmake.task.cmake.build:Building CMake package in '/home/luo/smart_light'
[0.219s] INFO:colcon.colcon_core.plugin_system:Skipping extension 'colcon_core.shell.bat': Not used on non-Windows systems
[0.219s] INFO:colcon.colcon_core.shell:Skip shell extension 'powershell' for command environment: Not usable outside of PowerShell
[0.219s] DEBUG:colcon.colcon_core.shell:Skip shell extension 'dsv' for command environment
[0.224s] DEBUG:colcon.colcon_core.event_handler.log_command:Invoking command in '/home/luo/smart_light/build/smart_light': CMAKE_PREFIX_PATH=/opt/ros/humble /usr/bin/cmake /home/luo/smart_light -DCMAKE_INSTALL_PREFIX=/home/luo/smart_light/install/smart_light
[0.239s] DEBUG:colcon.colcon_core.event_handler.log_command:Invoked command in '/home/luo/smart_light/build/smart_light' returned '1': CMAKE_PREFIX_PATH=/opt/ros/humble /usr/bin/cmake /home/luo/smart_light -DCMAKE_INSTALL_PREFIX=/home/luo/smart_light/install/smart_light
[0.250s] Level 1:colcon.colcon_core.environment:create_environment_scripts_only(smart_light)
[0.252s] Level 1:colcon.colcon_core.environment:checking '/home/luo/smart_light/install/smart_light' for CMake module files
[0.252s] Level 1:colcon.colcon_core.environment:checking '/home/luo/smart_light/install/smart_light' for CMake config files
[0.252s] Level 1:colcon.colcon_core.environment:checking '/home/luo/smart_light/install/smart_light/bin'
[0.252s] Level 1:colcon.colcon_core.environment:checking '/home/luo/smart_light/install/smart_light/lib/pkgconfig/smart_light.pc'
[0.253s] Level 1:colcon.colcon_core.environment:checking '/home/luo/smart_light/install/smart_light/lib/python3.10/site-packages'
[0.253s] Level 1:colcon.colcon_core.environment:checking '/home/luo/smart_light/install/smart_light/bin'
[0.253s] INFO:colcon.colcon_core.shell:Creating package script '/home/luo/smart_light/install/smart_light/share/smart_light/package.ps1'
[0.254s] INFO:colcon.colcon_core.shell:Creating package descriptor '/home/luo/smart_light/install/smart_light/share/smart_light/package.dsv'
[0.254s] INFO:colcon.colcon_core.shell:Creating package script '/home/luo/smart_light/install/smart_light/share/smart_light/package.sh'
[0.255s] INFO:colcon.colcon_core.shell:Creating package script '/home/luo/smart_light/install/smart_light/share/smart_light/package.bash'
[0.256s] INFO:colcon.colcon_core.shell:Creating package script '/home/luo/smart_light/install/smart_light/share/smart_light/package.zsh'
[0.257s] Level 1:colcon.colcon_core.environment:create_file_with_runtime_dependencies(/home/luo/smart_light/install/smart_light/share/colcon-core/packages/smart_light)
[0.267s] DEBUG:colcon.colcon_parallel_executor.executor.parallel:closing loop
[0.268s] DEBUG:colcon.colcon_parallel_executor.executor.parallel:loop closed
[0.268s] DEBUG:colcon.colcon_parallel_executor.executor.parallel:run_until_complete finished with '1'
[0.268s] DEBUG:colcon.colcon_core.event_reactor:joining thread
[0.276s] INFO:colcon.colcon_core.plugin_system:Skipping extension 'colcon_notification.desktop_notification.terminal_notifier': Not used on non-Darwin systems
[0.276s] INFO:colcon.colcon_core.plugin_system:Skipping extension 'colcon_notification.desktop_notification.win32': Not used on non-Windows systems
[0.276s] INFO:colcon.colcon_notification.desktop_notification:Sending desktop notification using 'notify2'
[0.296s] DEBUG:colcon.colcon_core.event_reactor:joined thread
[0.296s] INFO:colcon.colcon_core.shell:Creating prefix script '/home/luo/smart_light/install/local_setup.ps1'
[0.298s] INFO:colcon.colcon_core.shell:Creating prefix util module '/home/luo/smart_light/install/_local_setup_util_ps1.py'
[0.300s] INFO:colcon.colcon_core.shell:Creating prefix chain script '/home/luo/smart_light/install/setup.ps1'
[0.301s] INFO:colcon.colcon_core.shell:Creating prefix script '/home/luo/smart_light/install/local_setup.sh'
[0.301s] INFO:colcon.colcon_core.shell:Creating prefix util module '/home/luo/smart_light/install/_local_setup_util_sh.py'
[0.302s] INFO:colcon.colcon_core.shell:Creating prefix chain script '/home/luo/smart_light/install/setup.sh'
[0.302s] INFO:colcon.colcon_core.shell:Creating prefix script '/home/luo/smart_light/install/local_setup.bash'
[0.303s] INFO:colcon.colcon_core.shell:Creating prefix chain script '/home/luo/smart_light/install/setup.bash'
[0.303s] INFO:colcon.colcon_core.shell:Creating prefix script '/home/luo/smart_light/install/local_setup.zsh'
[0.304s] INFO:colcon.colcon_core.shell:Creating prefix chain script '/home/luo/smart_light/install/setup.zsh'
