-- Found ament_cmake: 1.3.12 (/opt/ros/humble/share/ament_cmake/cmake)
-- Found rclcpp: 16.0.16 (/opt/ros/humble/share/rclcpp/cmake)
-- Found rosidl_generator_c: 3.1.7 (/opt/ros/humble/share/rosidl_generator_c/cmake)
-- Found rosidl_adapter: 3.1.7 (/opt/ros/humble/share/rosidl_adapter/cmake)
-- Found rosidl_generator_cpp: 3.1.7 (/opt/ros/humble/share/rosidl_generator_cpp/cmake)
-- Using all available rosidl_typesupport_c: rosidl_typesupport_fastrtps_c;rosidl_typesupport_introspection_c
-- Using all available rosidl_typesupport_cpp: rosidl_typesupport_fastrtps_cpp;rosidl_typesupport_introspection_cpp
-- Found rmw_implementation_cmake: 6.1.2 (/opt/ros/humble/share/rmw_implementation_cmake/cmake)
-- Found rmw_fastrtps_cpp: 6.2.9 (/opt/ros/humble/share/rmw_fastrtps_cpp/cmake)
-- Using RMW implementation 'rmw_fastrtps_cpp' as default
-- Found geometry_msgs: 4.9.0 (/opt/ros/humble/share/geometry_msgs/cmake)
-- Found rclcpp_action: 16.0.16 (/opt/ros/humble/share/rclcpp_action/cmake)
-- Configuring incomplete, errors occurred!
See also "/home/luo/smart_light/build/smart_light/CMakeFiles/CMakeOutput.log".
[31mCMake Error at CMakeLists.txt:15 (find_package):
  By not providing "Findrosidl_degault_generators.cmake" in CMAKE_MODULE_PATH
  this project has asked CMake to find a package configuration file provided
  by "rosidl_degault_generators", but CMake did not find one.

  Could not find a package configuration file provided by
  "rosidl_degault_generators" with any of the following names:

    rosidl_degault_generatorsConfig.cmake
    rosidl_degault_generators-config.cmake

  Add the installation prefix of "rosidl_degault_generators" to
  CMAKE_PREFIX_PATH or set "rosidl_degault_generators_DIR" to a directory
  containing one of the above files.  If "rosidl_degault_generators" provides
  a separate development package or SDK, be sure it has been installed.

[0m
