[0.008s] Invoking command in '/home/luo/smart_light/build/smart_light': CMAKE_PREFIX_PATH=/opt/ros/humble /usr/bin/cmake /home/luo/smart_light -DCMAKE_INSTALL_PREFIX=/home/luo/smart_light/install/smart_light
[0.017s] -- Found ament_cmake: 1.3.12 (/opt/ros/humble/share/ament_cmake/cmake)
[0.114s] -- Found rclcpp: 16.0.16 (/opt/ros/humble/share/rclcpp/cmake)
[0.132s] -- Found rosidl_generator_c: 3.1.7 (/opt/ros/humble/share/rosidl_generator_c/cmake)
[0.134s] -- Found rosidl_adapter: 3.1.7 (/opt/ros/humble/share/rosidl_adapter/cmake)
[0.138s] -- Found rosidl_generator_cpp: 3.1.7 (/opt/ros/humble/share/rosidl_generator_cpp/cmake)
[0.143s] -- Using all available rosidl_typesupport_c: rosidl_typesupport_fastrtps_c;rosidl_typesupport_introspection_c
[0.151s] -- Using all available rosidl_typesupport_cpp: rosidl_typesupport_fastrtps_cpp;rosidl_typesupport_introspection_cpp
[0.171s] -- Found rmw_implementation_cmake: 6.1.2 (/opt/ros/humble/share/rmw_implementation_cmake/cmake)
[0.172s] -- Found rmw_fastrtps_cpp: 6.2.9 (/opt/ros/humble/share/rmw_fastrtps_cpp/cmake)
[0.243s] -- Using RMW implementation 'rmw_fastrtps_cpp' as default
[0.274s] -- Found geometry_msgs: 4.9.0 (/opt/ros/humble/share/geometry_msgs/cmake)
[0.282s] -- Found rclcpp_action: 16.0.16 (/opt/ros/humble/share/rclcpp_action/cmake)
[0.305s] -- Configuring incomplete, errors occurred!
[0.305s] See also "/home/luo/smart_light/build/smart_light/CMakeFiles/CMakeOutput.log".
[0.305s] [31mCMake Error at CMakeLists.txt:15 (find_package):
[0.305s]   By not providing "Findrosidl_degault_generators.cmake" in CMAKE_MODULE_PATH
[0.306s]   this project has asked CMake to find a package configuration file provided
[0.306s]   by "rosidl_degault_generators", but CMake did not find one.
[0.306s] 
[0.306s]   Could not find a package configuration file provided by
[0.306s]   "rosidl_degault_generators" with any of the following names:
[0.306s] 
[0.306s]     rosidl_degault_generatorsConfig.cmake
[0.306s]     rosidl_degault_generators-config.cmake
[0.306s] 
[0.306s]   Add the installation prefix of "rosidl_degault_generators" to
[0.306s]   CMAKE_PREFIX_PATH or set "rosidl_degault_generators_DIR" to a directory
[0.306s]   containing one of the above files.  If "rosidl_degault_generators" provides
[0.306s]   a separate development package or SDK, be sure it has been installed.
[0.306s] 
[0.306s] [0m
[0.310s] Invoked command in '/home/luo/smart_light/build/smart_light' returned '1': CMAKE_PREFIX_PATH=/opt/ros/humble /usr/bin/cmake /home/luo/smart_light -DCMAKE_INSTALL_PREFIX=/home/luo/smart_light/install/smart_light
